Archive member included because of file (symbol)

c:/freescale/kds_v3/toolchain/bin/../lib/gcc/arm-none-eabi/4.8.4/../../../../arm-none-eabi/lib/armv7e-m/fpu\libg_s.a(lib_a-exit.o)
                              c:/freescale/kds_v3/toolchain/bin/../lib/gcc/arm-none-eabi/4.8.4/../../../../arm-none-eabi/lib/armv7e-m/fpu/crt0.o (exit)
c:/freescale/kds_v3/toolchain/bin/../lib/gcc/arm-none-eabi/4.8.4/../../../../arm-none-eabi/lib/armv7e-m/fpu\libg_s.a(lib_a-impure.o)
                              c:/freescale/kds_v3/toolchain/bin/../lib/gcc/arm-none-eabi/4.8.4/../../../../arm-none-eabi/lib/armv7e-m/fpu\libg_s.a(lib_a-exit.o) (_global_impure_ptr)
c:/freescale/kds_v3/toolchain/bin/../lib/gcc/arm-none-eabi/4.8.4/../../../../arm-none-eabi/lib/armv7e-m/fpu\libg_s.a(lib_a-init.o)
                              c:/freescale/kds_v3/toolchain/bin/../lib/gcc/arm-none-eabi/4.8.4/../../../../arm-none-eabi/lib/armv7e-m/fpu/crt0.o (__libc_init_array)
c:/freescale/kds_v3/toolchain/bin/../lib/gcc/arm-none-eabi/4.8.4/../../../../arm-none-eabi/lib/armv7e-m/fpu\libg_s.a(lib_a-memset.o)
                              c:/freescale/kds_v3/toolchain/bin/../lib/gcc/arm-none-eabi/4.8.4/../../../../arm-none-eabi/lib/armv7e-m/fpu/crt0.o (memset)
c:/freescale/kds_v3/toolchain/bin/../lib/gcc/arm-none-eabi/4.8.4/../../../../arm-none-eabi/lib/armv7e-m/fpu\libg_s.a(lib_a-printf.o)
                              ./Sources/main.o (printf)
c:/freescale/kds_v3/toolchain/bin/../lib/gcc/arm-none-eabi/4.8.4/../../../../arm-none-eabi/lib/armv7e-m/fpu\libg_s.a(lib_a-putchar.o)
                              ./Sources/main.o (putchar)
c:/freescale/kds_v3/toolchain/bin/../lib/gcc/arm-none-eabi/4.8.4/../../../../arm-none-eabi/lib/armv7e-m/fpu\libg_s.a(lib_a-vfprintf.o)
                              c:/freescale/kds_v3/toolchain/bin/../lib/gcc/arm-none-eabi/4.8.4/../../../../arm-none-eabi/lib/armv7e-m/fpu\libg_s.a(lib_a-printf.o) (_vfprintf_r)
c:/freescale/kds_v3/toolchain/bin/../lib/gcc/arm-none-eabi/4.8.4/../../../../arm-none-eabi/lib/armv7e-m/fpu\libg_s.a(lib_a-vfprintf_i.o)
                              c:/freescale/kds_v3/toolchain/bin/../lib/gcc/arm-none-eabi/4.8.4/../../../../arm-none-eabi/lib/armv7e-m/fpu\libg_s.a(lib_a-vfprintf.o) (_printf_i)
c:/freescale/kds_v3/toolchain/bin/../lib/gcc/arm-none-eabi/4.8.4/../../../../arm-none-eabi/lib/armv7e-m/fpu\libg_s.a(lib_a-wbuf.o)
                              c:/freescale/kds_v3/toolchain/bin/../lib/gcc/arm-none-eabi/4.8.4/../../../../arm-none-eabi/lib/armv7e-m/fpu\libg_s.a(lib_a-vfprintf.o) (__swbuf_r)
c:/freescale/kds_v3/toolchain/bin/../lib/gcc/arm-none-eabi/4.8.4/../../../../arm-none-eabi/lib/armv7e-m/fpu\libg_s.a(lib_a-wsetup.o)
                              c:/freescale/kds_v3/toolchain/bin/../lib/gcc/arm-none-eabi/4.8.4/../../../../arm-none-eabi/lib/armv7e-m/fpu\libg_s.a(lib_a-vfprintf.o) (__swsetup_r)
c:/freescale/kds_v3/toolchain/bin/../lib/gcc/arm-none-eabi/4.8.4/../../../../arm-none-eabi/lib/armv7e-m/fpu\libg_s.a(lib_a-fflush.o)
                              c:/freescale/kds_v3/toolchain/bin/../lib/gcc/arm-none-eabi/4.8.4/../../../../arm-none-eabi/lib/armv7e-m/fpu\libg_s.a(lib_a-wbuf.o) (_fflush_r)
c:/freescale/kds_v3/toolchain/bin/../lib/gcc/arm-none-eabi/4.8.4/../../../../arm-none-eabi/lib/armv7e-m/fpu\libg_s.a(lib_a-findfp.o)
                              c:/freescale/kds_v3/toolchain/bin/../lib/gcc/arm-none-eabi/4.8.4/../../../../arm-none-eabi/lib/armv7e-m/fpu\libg_s.a(lib_a-printf.o) (__sinit)
c:/freescale/kds_v3/toolchain/bin/../lib/gcc/arm-none-eabi/4.8.4/../../../../arm-none-eabi/lib/armv7e-m/fpu\libg_s.a(lib_a-fvwrite.o)
                              c:/freescale/kds_v3/toolchain/bin/../lib/gcc/arm-none-eabi/4.8.4/../../../../arm-none-eabi/lib/armv7e-m/fpu\libg_s.a(lib_a-vfprintf.o) (__sfvwrite_r)
c:/freescale/kds_v3/toolchain/bin/../lib/gcc/arm-none-eabi/4.8.4/../../../../arm-none-eabi/lib/armv7e-m/fpu\libg_s.a(lib_a-fwalk.o)
                              c:/freescale/kds_v3/toolchain/bin/../lib/gcc/arm-none-eabi/4.8.4/../../../../arm-none-eabi/lib/armv7e-m/fpu\libg_s.a(lib_a-findfp.o) (_fwalk)
c:/freescale/kds_v3/toolchain/bin/../lib/gcc/arm-none-eabi/4.8.4/../../../../arm-none-eabi/lib/armv7e-m/fpu\libg_s.a(lib_a-makebuf.o)
                              c:/freescale/kds_v3/toolchain/bin/../lib/gcc/arm-none-eabi/4.8.4/../../../../arm-none-eabi/lib/armv7e-m/fpu\libg_s.a(lib_a-wsetup.o) (__smakebuf_r)
c:/freescale/kds_v3/toolchain/bin/../lib/gcc/arm-none-eabi/4.8.4/../../../../arm-none-eabi/lib/armv7e-m/fpu\libg_s.a(lib_a-memchr-stub.o)
                              c:/freescale/kds_v3/toolchain/bin/../lib/gcc/arm-none-eabi/4.8.4/../../../../arm-none-eabi/lib/armv7e-m/fpu\libg_s.a(lib_a-vfprintf.o) (memchr)
c:/freescale/kds_v3/toolchain/bin/../lib/gcc/arm-none-eabi/4.8.4/../../../../arm-none-eabi/lib/armv7e-m/fpu\libg_s.a(lib_a-memcpy-stub.o)
[...]
Memory Configuration

Name             Origin             Length             Attributes
m_interrupts     0x00000000         0x00000198         xr
m_text           0x00000410         0x000ffbf0         xr
m_data_1FFF0000  0x1fff0000         0x00010000         rw
m_data           0x20000000         0x00030000         rw
m_cfmprotrom     0x00000400         0x00000010         xr
*default*        0x00000000         0xffffffff

Linker script and memory map

LOAD c:/freescale/kds_v3/toolchain/bin/../lib/gcc/arm-none-eabi/4.8.4/armv7e-m/fpu/crti.o
LOAD c:/freescale/kds_v3/toolchain/bin/../lib/gcc/arm-none-eabi/4.8.4/armv7e-m/fpu/crtbegin.o
LOAD c:/freescale/kds_v3/toolchain/bin/../lib/gcc/arm-none-eabi/4.8.4/../../../../arm-none-eabi/lib/armv7e-m/fpu/crt0.o
LOAD ./Static_Code/System/CPU_Init.o
LOAD ./Static_Code/System/Peripherals_Init.o
LOAD ./Static_Code/System/Vectors.o
LOAD ./Sources/Events.o
LOAD ./Sources/main.o
LOAD ./Project_Settings/Startup_Code/startup.o
LOAD ./Generated_Code/CI2C1.o
LOAD ./Generated_Code/Cpu.o
LOAD ./Generated_Code/CsIO1.o
LOAD ./Generated_Code/FX1.o
LOAD ./Generated_Code/GI2C1.o
LOAD ./Generated_Code/IO1.o
LOAD ./Generated_Code/MCUC1.o
LOAD ./Generated_Code/PE_LDD.o
LOAD ./Generated_Code/Pins1.o
LOAD ./Generated_Code/SM1.o
LOAD ./Generated_Code/WAIT1.o
LOAD c:/freescale/kds_v3/toolchain/bin/../lib/gcc/arm-none-eabi/4.8.4/../../../../arm-none-eabi/lib/armv7e-m/fpu\libstdc++_s.a
LOAD c:/freescale/kds_v3/toolchain/bin/../lib/gcc/arm-none-eabi/4.8.4/../../../../arm-none-eabi/lib/armv7e-m/fpu\libm.a
START GROUP
LOAD c:/freescale/kds_v3/toolchain/bin/../lib/gcc/arm-none-eabi/4.8.4/armv7e-m/fpu\libgcc.a
LOAD c:/freescale/kds_v3/toolchain/bin/../lib/gcc/arm-none-eabi/4.8.4/../../../../arm-none-eabi/lib/armv7e-m/fpu\libg_s.a
LOAD c:/freescale/kds_v3/toolchain/bin/../lib/gcc/arm-none-eabi/4.8.4/../../../../arm-none-eabi/lib/armv7e-m/fpu\libc_s.a
END GROUP
START GROUP
LOAD c:/freescale/kds_v3/toolchain/bin/../lib/gcc/arm-none-eabi/4.8.4/armv7e-m/fpu\libgcc.a
LOAD c:/freescale/kds_v3/toolchain/bin/../lib/gcc/arm-none-eabi/4.8.4/../../../../arm-none-eabi/lib/armv7e-m/fpu\libc_s.a
LOAD c:/freescale/kds_v3/toolchain/bin/../lib/gcc/arm-none-eabi/4.8.4/../../../../arm-none-eabi/lib/armv7e-m/fpu\libnosys.a
END GROUP
START GROUP
LOAD c:/freescale/kds_v3/toolchain/bin/../lib/gcc/arm-none-eabi/4.8.4/armv7e-m/fpu\libgcc.a
LOAD c:/freescale/kds_v3/toolchain/bin/../lib/gcc/arm-none-eabi/4.8.4/../../../../arm-none-eabi/lib/armv7e-m/fpu\libc_s.a
LOAD c:/freescale/kds_v3/toolchain/bin/../lib/gcc/arm-none-eabi/4.8.4/../../../../arm-none-eabi/lib/armv7e-m/fpu\libnosys.a
END GROUP
LOAD c:/freescale/kds_v3/toolchain/bin/../lib/gcc/arm-none-eabi/4.8.4/armv7e-m/fpu/crtend.o
LOAD c:/freescale/kds_v3/toolchain/bin/../lib/gcc/arm-none-eabi/4.8.4/armv7e-m/fpu/crtn.o
                0x20030000                _estack = 0x20030000
                0x20030000                __SP_INIT = _estack
                0x20030000                __stack = _estack
                0x00000000                __heap_size = 0x0
                0x00000400                __stack_size = 0x400

.interrupts     0x00000000      0x198
                0x00000000                __vector_table = .
                0x00000000                . = ALIGN (0x4)
 *(.vectortable)
 .vectortable   0x00000000      0x198 ./Static_Code/System/Vectors.o
                0x00000000                __vect_table
                0x00000198                . = ALIGN (0x4)

.cfmprotect     0x00000400        0x0
                0x00000400                . = ALIGN (0x4)
 *(.cfmconfig)
                0x00000400                . = ALIGN (0x4)

.text           0x00000410     0x2adc
                0x00000410                . = ALIGN (0x4)
 *(.text)
 .text          0x00000410       0x54 c:/freescale/kds_v3/toolchain/bin/../lib/gcc/arm-none-eabi/4.8.4/armv7e-m/fpu/crtbegin.o
 .text          0x00000464       0x74 c:/freescale/kds_v3/toolchain/bin/../lib/gcc/arm-none-eabi/4.8.4/../../../../arm-none-eabi/lib/armv7e-m/fpu/crt0.o
                0x00000464                _start
                0x00000464                _mainCRTStartup
 *(.text*)
 .text.CPU_SetBASEPRI
                0x000004d8       0x18 ./Static_Code/System/CPU_Init.o
                0x000004d8                CPU_SetBASEPRI
 .text.__init_hardware
                0x000004f0       0xdc ./Static_Code/System/CPU_Init.o
                0x000004f0                __init_hardware
 .text.PE_low_level_init
                0x000005cc       0x14 ./Static_Code/System/CPU_Init.o
                0x000005cc                PE_low_level_init
 .text.CPU_GetClockGenMode
                0x000005e0       0x90 ./Static_Code/System/CPU_Init.o
                0x000005e0                CPU_GetClockGenMode
 .text.CPU_SetClockConfigGenMode
                0x00000670      0x54c ./Static_Code/System/CPU_Init.o
                0x00000670                CPU_SetClockConfigGenMode
 .text.CPU_GetClockConfiguration
                0x00000bbc       0x18 ./Static_Code/System/CPU_Init.o
                0x00000bbc                CPU_GetClockConfiguration
 .text.UnhandledInterrupt
                0x00000bd4       0x18 ./Static_Code/System/Vectors.o
                0x00000bd4                UnhandledInterrupt
 .text.Cpu_OnNMI
                0x00000bec        0xc ./Sources/Events.o
                0x00000bec                Cpu_OnNMI
 .text.SM1_OnBlockSent
                0x00000bf8       0x14 ./Sources/Events.o
                0x00000bf8                SM1_OnBlockSent
 .text.SM1_OnBlockReceived
                0x00000c0c       0x14 ./Sources/Events.o
                0x00000c0c                SM1_OnBlockReceived
 .text.delay_seconds
                0x00000c20       0x3c ./Sources/main.o
                0x00000c20                delay_seconds
 .text.startMotor
                0x00000c5c       0x84 ./Sources/main.o
                0x00000c5c                startMotor
 .text.main     0x00000ce0      0x520 ./Sources/main.o
                0x00000ce0                main
 .text.__copy_rom_section
                0x00001200       0xe4 ./Project_Settings/Startup_Code/startup.o
                0x00001200                __copy_rom_section
 .text.__copy_rom_sections_to_ram
                0x000012e4       0x9c ./Project_Settings/Startup_Code/startup.o
                0x000012e4                __copy_rom_sections_to_ram
 .text.__init_registers
                0x00001380       0x20 ./Project_Settings/Startup_Code/startup.o
                0x00001380                __init_registers
 .text.__init_user
                0x000013a0        0xc ./Project_Settings/Startup_Code/startup.o
                0x000013a0                __init_user
 .text.__thumb_startup
                0x000013ac       0x34 ./Project_Settings/Startup_Code/startup.o
                0x000013ac                __thumb_startup
 .text.CI2C1_Interrupt
                0x000013e0      0x288 ./Generated_Code/CI2C1.o
                0x000013e0                CI2C1_Interrupt
 .text.CI2C1_Init
                0x00001668      0x130 ./Generated_Code/CI2C1.o
                0x00001668                CI2C1_Init
 .text.HWEnDi   0x00001798       0x7c ./Generated_Code/CI2C1.o
 .text.CI2C1_SetClockConfiguration
                0x00001814       0x48 ./Generated_Code/CI2C1.o
                0x00001814                CI2C1_SetClockConfiguration
 .text.Common_Init
                0x0000185c       0xc4 ./Generated_Code/Cpu.o
                0x0000185c                Common_Init
 .text.Components_Init
                0x00001920       0x18 ./Generated_Code/Cpu.o
                0x00001920                Components_Init
 .text.Cpu_INT_NMIInterrupt
                0x00001938       0x1c ./Generated_Code/Cpu.o
                0x00001938                Cpu_INT_NMIInterrupt
 .text._read    0x00001954       0x7c ./Generated_Code/CsIO1.o
                0x00001954                _read
 .text._write   0x000019d0       0x74 ./Generated_Code/CsIO1.o
                0x000019d0                _write
 .text.CI2C1_OnMasterBlockSent
                0x00001a44       0x28 ./Generated_Code/GI2C1.o
                0x00001a44                CI2C1_OnMasterBlockSent
 .text.CI2C1_OnMasterBlockReceived
                0x00001a6c       0x28 ./Generated_Code/GI2C1.o
                0x00001a6c                CI2C1_OnMasterBlockReceived
 .text.GI2C1_Init
                0x00001a94       0x20 ./Generated_Code/GI2C1.o
                0x00001a94                GI2C1_Init
 .text.IO1_Init
                0x00001ab4      0x104 ./Generated_Code/IO1.o
                0x00001ab4                IO1_Init
 .text.HWEnDi   0x00001bb8       0x64 ./Generated_Code/IO1.o
 .text.IO1_SetClockConfiguration
                0x00001c1c       0x9c ./Generated_Code/IO1.o
                0x00001c1c                IO1_SetClockConfiguration
 .text.MCUC1_Init
                0x00001cb8        0xc ./Generated_Code/MCUC1.o
                0x00001cb8                MCUC1_Init
 .text.SM1_Interrupt
                0x00001cc4      0x124 ./Generated_Code/SM1.o
                0x00001cc4                SM1_Interrupt
 .text.WAIT1_Init
                0x00001de8        0xc ./Generated_Code/WAIT1.o
                0x00001de8                WAIT1_Init
 .text.exit     0x00001df4       0x28 c:/freescale/kds_v3/toolchain/bin/../lib/gcc/arm-none-eabi/4.8.4/../../../../arm-none-eabi/lib/armv7e-m/fpu\libg_s.a(lib_a-exit.o)
                0x00001df4                exit
 .text.__libc_init_array
                0x00001e1c       0x4c c:/freescale/kds_v3/toolchain/bin/../lib/gcc/arm-none-eabi/4.8.4/../../../../arm-none-eabi/lib/armv7e-m/fpu\libg_s.a(lib_a-init.o)
                0x00001e1c                __libc_init_array
 .text.memset   0x00001e68       0x10 c:/freescale/kds_v3/toolchain/bin/../lib/gcc/arm-none-eabi/4.8.4/../../../../arm-none-eabi/lib/armv7e-m/fpu\libg_s.a(lib_a-memset.o)
                0x00001e68                memset
 .text.printf   0x00001e78       0x30 c:/freescale/kds_v3/toolchain/bin/../lib/gcc/arm-none-eabi/4.8.4/../../../../arm-none-eabi/lib/armv7e-m/fpu\libg_s.a(lib_a-printf.o)
                0x00001e78                iprintf
                0x00001e78                printf
 .text.putchar  0x00001ea8       0x28 c:/freescale/kds_v3/toolchain/bin/../lib/gcc/arm-none-eabi/4.8.4/../../../../arm-none-eabi/lib/armv7e-m/fpu\libg_s.a(lib_a-putchar.o)
                0x00001ea8                putchar
 .text.__sfputc_r
                0x00001ed0       0x2c c:/freescale/kds_v3/toolchain/bin/../lib/gcc/arm-none-eabi/4.8.4/../../../../arm-none-eabi/lib/armv7e-m/fpu\libg_s.a(lib_a-vfprintf.o)
 .text.__sfputs_r
                0x00001efc       0x24 c:/freescale/kds_v3/toolchain/bin/../lib/gcc/arm-none-eabi/4.8.4/../../../../arm-none-eabi/lib/armv7e-m/fpu\libg_s.a(lib_a-vfprintf.o)
                0x00001efc                __sfputs_r
 .text._vfprintf_r
                0x00001f20      0x208 c:/freescale/kds_v3/toolchain/bin/../lib/gcc/arm-none-eabi/4.8.4/../../../../arm-none-eabi/lib/armv7e-m/fpu\libg_s.a(lib_a-vfprintf.o)
                0x00001f20                _vfprintf_r
                0x00001f20                _vfiprintf_r
 .text._printf_common
                0x00002128       0xe4 c:/freescale/kds_v3/toolchain/bin/../lib/gcc/arm-none-eabi/4.8.4/../../../../arm-none-eabi/lib/armv7e-m/fpu\libg_s.a(lib_a-vfprintf_i.o)
                0x00002128                _printf_common
 .text._printf_i
                0x0000220c      0x228 c:/freescale/kds_v3/toolchain/bin/../lib/gcc/arm-none-eabi/4.8.4/../../../../arm-none-eabi/lib/armv7e-m/fpu\libg_s.a(lib_a-vfprintf_i.o)
                0x0000220c                _printf_i
 .text.__swbuf_r
                0x00002434       0xa8 c:/freescale/kds_v3/toolchain/bin/../lib/gcc/arm-none-eabi/4.8.4/../../../../arm-none-eabi/lib/armv7e-m/fpu\libg_s.a(lib_a-wbuf.o)
                0x00002434                __swbuf_r
 .text.__swsetup_r
                0x000024dc       0xdc c:/freescale/kds_v3/toolchain/bin/../lib/gcc/arm-none-eabi/4.8.4/../../../../arm-none-eabi/lib/armv7e-m/fpu\libg_s.a(lib_a-wsetup.o)
                0x000024dc                __swsetup_r
 .text.__sflush_r
                0x000025b8      0x106 c:/freescale/kds_v3/toolchain/bin/../lib/gcc/arm-none-eabi/4.8.4/../../../../arm-none-eabi/lib/armv7e-m/fpu\libg_s.a(lib_a-fflush.o)
                0x000025b8                __sflush_r
 *fill*         0x000026be        0x2 
 .text._fflush_r
                0x000026c0       0x54 c:/freescale/kds_v3/toolchain/bin/../lib/gcc/arm-none-eabi/4.8.4/../../../../arm-none-eabi/lib/armv7e-m/fpu\libg_s.a(lib_a-fflush.o)
                0x000026c0                _fflush_r
 .text._cleanup_r
                0x00002714       0x32 c:/freescale/kds_v3/toolchain/bin/../lib/gcc/arm-none-eabi/4.8.4/../../../../arm-none-eabi/lib/armv7e-m/fpu\libg_s.a(lib_a-findfp.o)
                0x00002714                _cleanup_r
 *fill*         0x00002746        0x2 
 .text.std.isra.0
                0x00002748       0x48 c:/freescale/kds_v3/toolchain/bin/../lib/gcc/arm-none-eabi/4.8.4/../../../../arm-none-eabi/lib/armv7e-m/fpu\libg_s.a(lib_a-findfp.o)
 .text.__sfmoreglue
                0x00002790       0x2c c:/freescale/kds_v3/toolchain/bin/../lib/gcc/arm-none-eabi/4.8.4/../../../../arm-none-eabi/lib/armv7e-m/fpu\libg_s.a(lib_a-findfp.o)
                0x00002790                __sfmoreglue
 .text.__sinit  0x000027bc       0x60 c:/freescale/kds_v3/toolchain/bin/../lib/gcc/arm-none-eabi/4.8.4/../../../../arm-none-eabi/lib/armv7e-m/fpu\libg_s.a(lib_a-findfp.o)
                0x000027bc                __sinit
 .text.__sfp    0x0000281c       0x74 c:/freescale/kds_v3/toolchain/bin/../lib/gcc/arm-none-eabi/4.8.4/../../../../arm-none-eabi/lib/armv7e-m/fpu\libg_s.a(lib_a-findfp.o)
                0x0000281c                __sfp
 .text.__smakebuf_r
                0x00002890       0x9c c:/freescale/kds_v3/toolchain/bin/../lib/gcc/arm-none-eabi/4.8.4/../../../../arm-none-eabi/lib/armv7e-m/fpu\libg_s.a(lib_a-makebuf.o)
                0x00002890                __smakebuf_r
 .text.memchr   0x0000292c       0x1e c:/freescale/kds_v3/toolchain/bin/../lib/gcc/arm-none-eabi/4.8.4/../../../../arm-none-eabi/lib/armv7e-m/fpu\libg_s.a(lib_a-memchr-stub.o)
                0x0000292c                memchr
 *fill*         0x0000294a        0x2 
 .text._free_r  0x0000294c       0x88 c:/freescale/kds_v3/toolchain/bin/../lib/gcc/arm-none-eabi/4.8.4/../../../../arm-none-eabi/lib/armv7e-m/fpu\libg_s.a(lib_a-nano-freer.o)
                0x0000294c                _free_r
 .text._malloc_r
                0x000029d4       0xa8 c:/freescale/kds_v3/toolchain/bin/../lib/gcc/arm-none-eabi/4.8.4/../../../../arm-none-eabi/lib/armv7e-m/fpu\libg_s.a(lib_a-nano-mallocr.o)
                0x000029d4                _malloc_r
 .text._putc_r  0x00002a7c       0x78 c:/freescale/kds_v3/toolchain/bin/../lib/gcc/arm-none-eabi/4.8.4/../../../../arm-none-eabi/lib/armv7e-m/fpu\libg_s.a(lib_a-putc.o)
                0x00002a7c                _putc_r
 .text._sbrk_r  0x00002af4       0x20 c:/freescale/kds_v3/toolchain/bin/../lib/gcc/arm-none-eabi/4.8.4/../../../../arm-none-eabi/lib/armv7e-m/fpu\libg_s.a(lib_a-sbrkr.o)
                0x00002af4                _sbrk_r
 .text.__sread  0x00002b14       0x22 c:/freescale/kds_v3/toolchain/bin/../lib/gcc/arm-none-eabi/4.8.4/../../../../arm-none-eabi/lib/armv7e-m/fpu\libg_s.a(lib_a-stdio.o)
                0x00002b14                __sread
 .text.__swrite
                0x00002b36       0x38 c:/freescale/kds_v3/toolchain/bin/../lib/gcc/arm-none-eabi/4.8.4/../../../../arm-none-eabi/lib/armv7e-m/fpu\libg_s.a(lib_a-stdio.o)
                0x00002b36                __swrite
 .text.__sseek  0x00002b6e       0x24 c:/freescale/kds_v3/toolchain/bin/../lib/gcc/arm-none-eabi/4.8.4/../../../../arm-none-eabi/lib/armv7e-m/fpu\libg_s.a(lib_a-stdio.o)
                0x00002b6e                __sseek
 .text.__sclose
                0x00002b92        0x8 c:/freescale/kds_v3/toolchain/bin/../lib/gcc/arm-none-eabi/4.8.4/../../../../arm-none-eabi/lib/armv7e-m/fpu\libg_s.a(lib_a-stdio.o)
                0x00002b92                __sclose
 .text.strlen   0x00002b9a       0x10 c:/freescale/kds_v3/toolchain/bin/../lib/gcc/arm-none-eabi/4.8.4/../../../../arm-none-eabi/lib/armv7e-m/fpu\libg_s.a(lib_a-strlen.o)
                0x00002b9a                strlen
 *fill*         0x00002baa        0x2 
 .text._write_r
                0x00002bac       0x24 c:/freescale/kds_v3/toolchain/bin/../lib/gcc/arm-none-eabi/4.8.4/../../../../arm-none-eabi/lib/armv7e-m/fpu\libg_s.a(lib_a-writer.o)
                0x00002bac                _write_r
 .text._close_r
                0x00002bd0       0x20 c:/freescale/kds_v3/toolchain/bin/../lib/gcc/arm-none-eabi/4.8.4/../../../../arm-none-eabi/lib/armv7e-m/fpu\libg_s.a(lib_a-closer.o)
                0x00002bd0                _close_r
 .text._fstat_r
                0x00002bf0       0x24 c:/freescale/kds_v3/toolchain/bin/../lib/gcc/arm-none-eabi/4.8.4/../../../../arm-none-eabi/lib/armv7e-m/fpu\libg_s.a(lib_a-fstatr.o)
                0x00002bf0                _fstat_r
 .text._isatty_r
                0x00002c14       0x20 c:/freescale/kds_v3/toolchain/bin/../lib/gcc/arm-none-eabi/4.8.4/../../../../arm-none-eabi/lib/armv7e-m/fpu\libg_s.a(lib_a-isattyr.o)
                0x00002c14                _isatty_r
 .text._lseek_r
                0x00002c34       0x24 c:/freescale/kds_v3/toolchain/bin/../lib/gcc/arm-none-eabi/4.8.4/../../../../arm-none-eabi/lib/armv7e-m/fpu\libg_s.a(lib_a-lseekr.o)
                0x00002c34                _lseek_r
 .text._read_r  0x00002c58       0x24 c:/freescale/kds_v3/toolchain/bin/../lib/gcc/arm-none-eabi/4.8.4/../../../../arm-none-eabi/lib/armv7e-m/fpu\libg_s.a(lib_a-readr.o)
                0x00002c58                _read_r
 .text._close   0x00002c7c       0x10 c:/freescale/kds_v3/toolchain/bin/../lib/gcc/arm-none-eabi/4.8.4/../../../../arm-none-eabi/lib/armv7e-m/fpu\libnosys.a(close.o)
                0x00002c7c                _close
 .text._fstat   0x00002c8c       0x10 c:/freescale/kds_v3/toolchain/bin/../lib/gcc/arm-none-eabi/4.8.4/../../../../arm-none-eabi/lib/armv7e-m/fpu\libnosys.a(fstat.o)
                0x00002c8c                _fstat
 .text._isatty  0x00002c9c       0x10 c:/freescale/kds_v3/toolchain/bin/../lib/gcc/arm-none-eabi/4.8.4/../../../../arm-none-eabi/lib/armv7e-m/fpu\libnosys.a(isatty.o)
                0x00002c9c                _isatty
 .text._lseek   0x00002cac       0x10 c:/freescale/kds_v3/toolchain/bin/../lib/gcc/arm-none-eabi/4.8.4/../../../../arm-none-eabi/lib/armv7e-m/fpu\libnosys.a(lseek.o)
                0x00002cac                _lseek
 .text._sbrk    0x00002cbc       0x34 c:/freescale/kds_v3/toolchain/bin/../lib/gcc/arm-none-eabi/4.8.4/../../../../arm-none-eabi/lib/armv7e-m/fpu\libnosys.a(sbrk.o)
                0x00002cbc                _sbrk
 .text._exit    0x00002cf0        0x4 c:/freescale/kds_v3/toolchain/bin/../lib/gcc/arm-none-eabi/4.8.4/../../../../arm-none-eabi/lib/armv7e-m/fpu\libnosys.a(_exit.o)
                0x00002cf0                _exit
 *(.rodata)
 .rodata        0x00002cf4       0x2c ./Sources/main.o
 *(.rodata*)
 .rodata.ClockGenModeMatrix
                0x00002d20       0x80 ./Static_Code/System/CPU_Init.o
 .rodata.CPU_ClockConfigDescriptors
                0x00002da0       0x38 ./Static_Code/System/CPU_Init.o
 .rodata.CPU_DefaultFEI
                0x00002dd8        0x8 ./Static_Code/System/CPU_Init.o
 .rodata.CPU_DefaultFBI
                0x00002de0        0x8 ./Static_Code/System/CPU_Init.o
 .rodata.CPU_DefaultBLPI
                0x00002de8        0x8 ./Static_Code/System/CPU_Init.o
 .rodata.CPU_DefaultFEE
                0x00002df0        0x8 ./Static_Code/System/CPU_Init.o
 .rodata.CPU_DefaultFBE
                0x00002df8        0x8 ./Static_Code/System/CPU_Init.o
 .rodata.CPU_DefaultBLPE
                0x00002e00        0x8 ./Static_Code/System/CPU_Init.o
 .rodata.CPU_DefaultPBE
                0x00002e08        0x8 ./Static_Code/System/CPU_Init.o
 .rodata.CPU_DefaultPEE
                0x00002e10        0x8 ./Static_Code/System/CPU_Init.o
 .rodata.CPU_ClockGenModeRegs
                0x00002e18       0x20 ./Static_Code/System/CPU_Init.o
 .rodata.str1.1
                0x00002e38        0x2 c:/freescale/kds_v3/toolchain/bin/../lib/gcc/arm-none-eabi/4.8.4/../../../../arm-none-eabi/lib/armv7e-m/fpu\libg_s.a(lib_a-impure.o)
 *fill*         0x00002e3a        0x2 
 .rodata._global_impure_ptr
                0x00002e3c        0x4 c:/freescale/kds_v3/toolchain/bin/../lib/gcc/arm-none-eabi/4.8.4/../../../../arm-none-eabi/lib/armv7e-m/fpu\libg_s.a(lib_a-impure.o)
                0x00002e3c                _global_impure_ptr
 .rodata.str1.1
                0x00002e40       0x11 c:/freescale/kds_v3/toolchain/bin/../lib/gcc/arm-none-eabi/4.8.4/../../../../arm-none-eabi/lib/armv7e-m/fpu\libg_s.a(lib_a-vfprintf.o)
 .rodata.str1.1
                0x00002e51       0x22 c:/freescale/kds_v3/toolchain/bin/../lib/gcc/arm-none-eabi/4.8.4/../../../../arm-none-eabi/lib/armv7e-m/fpu\libg_s.a(lib_a-vfprintf_i.o)
 *fill*         0x00002e73        0x1 
 .rodata.__sf_fake_stdin
                0x00002e74       0x20 c:/freescale/kds_v3/toolchain/bin/../lib/gcc/arm-none-eabi/4.8.4/../../../../arm-none-eabi/lib/armv7e-m/fpu\libg_s.a(lib_a-findfp.o)
                0x00002e74                __sf_fake_stdin
 .rodata.__sf_fake_stdout
                0x00002e94       0x20 c:/freescale/kds_v3/toolchain/bin/../lib/gcc/arm-none-eabi/4.8.4/../../../../arm-none-eabi/lib/armv7e-m/fpu\libg_s.a(lib_a-findfp.o)
                0x00002e94                __sf_fake_stdout
 .rodata.__sf_fake_stderr
                0x00002eb4       0x20 c:/freescale/kds_v3/toolchain/bin/../lib/gcc/arm-none-eabi/4.8.4/../../../../arm-none-eabi/lib/armv7e-m/fpu\libg_s.a(lib_a-findfp.o)
                0x00002eb4                __sf_fake_stderr
 *(.glue_7)
 .glue_7        0x00000000        0x0 linker stubs
 *(.glue_7t)
 .glue_7t       0x00000000        0x0 linker stubs
 *(.eh_frame)
 .eh_frame      0x00002ed4        0x0 c:/freescale/kds_v3/toolchain/bin/../lib/gcc/arm-none-eabi/4.8.4/armv7e-m/fpu/crtbegin.o
 *(.init)
 .init          0x00002ed4        0x4 c:/freescale/kds_v3/toolchain/bin/../lib/gcc/arm-none-eabi/4.8.4/armv7e-m/fpu/crti.o
                0x00002ed4                _init
 .init          0x00002ed8        0x8 c:/freescale/kds_v3/toolchain/bin/../lib/gcc/arm-none-eabi/4.8.4/armv7e-m/fpu/crtn.o
 *(.fini)
 .fini          0x00002ee0        0x4 c:/freescale/kds_v3/toolchain/bin/../lib/gcc/arm-none-eabi/4.8.4/armv7e-m/fpu/crti.o
                0x00002ee0                _fini
 .fini          0x00002ee4        0x8 c:/freescale/kds_v3/toolchain/bin/../lib/gcc/arm-none-eabi/4.8.4/armv7e-m/fpu/crtn.o
                0x00002eec                . = ALIGN (0x4)
                0x00002eec                _etext = .

.vfp11_veneer   0x00002eec        0x0
 .vfp11_veneer  0x00000000        0x0 linker stubs

.v4_bx          0x00002eec        0x0
 .v4_bx         0x00000000        0x0 linker stubs

.iplt           0x00002eec        0x0
 .iplt          0x00000000        0x0 c:/freescale/kds_v3/toolchain/bin/../lib/gcc/arm-none-eabi/4.8.4/armv7e-m/fpu/crtbegin.o

.ARM.extab
 *(.ARM.extab* .gnu.linkonce.armextab.*)

.ARM            0x00002eec        0x8
                0x00002eec                __exidx_start = .
 *(.ARM.exidx*)
 .ARM.exidx     0x00002eec        0x8 c:/freescale/kds_v3/toolchain/bin/../lib/gcc/arm-none-eabi/4.8.4/../../../../arm-none-eabi/lib/armv7e-m/fpu/crt0.o
                0x00002ef4                __exidx_end = .

.rel.dyn        0x00002ef4        0x0
 .rel.iplt      0x00000000        0x0 c:/freescale/kds_v3/toolchain/bin/../lib/gcc/arm-none-eabi/4.8.4/armv7e-m/fpu/crtbegin.o

.ctors          0x00002ef4        0x0
                0x00002ef4                __CTOR_LIST__ = .
 *crtbegin.o(.ctors)
 *(EXCLUDE_FILE(*crtend.o) .ctors)
 *(SORT(.ctors.*))
 *(.ctors)
                0x00002ef4                __CTOR_END__ = .

.dtors          0x00002ef4        0x0
                0x00002ef4                __DTOR_LIST__ = .
 *crtbegin.o(.dtors)
 *(EXCLUDE_FILE(*crtend.o) .dtors)
 *(SORT(.dtors.*))
 *(.dtors)
                0x00002ef4                __DTOR_END__ = .

.preinit_array  0x00002ef4        0x0
                0x00002ef4                PROVIDE (__preinit_array_start, .)
 *(.preinit_array*)
                0x00002ef4                PROVIDE (__preinit_array_end, .)

.init_array     0x00002ef4        0x4
                0x00002ef4                PROVIDE (__init_array_start, .)
 *(SORT(.init_array.*))
 *(.init_array*)
 .init_array    0x00002ef4        0x4 c:/freescale/kds_v3/toolchain/bin/../lib/gcc/arm-none-eabi/4.8.4/armv7e-m/fpu/crtbegin.o
                0x00002ef8                PROVIDE (__init_array_end, .)

.fini_array     0x00002ef8        0x4
                0x00002ef8                PROVIDE (__fini_array_start, .)
 *(SORT(.fini_array.*))
 *(.fini_array*)
 .fini_array    0x00002ef8        0x4 c:/freescale/kds_v3/toolchain/bin/../lib/gcc/arm-none-eabi/4.8.4/armv7e-m/fpu/crtbegin.o
                0x00002efc                PROVIDE (__fini_array_end, .)
                0x00002efc                ___ROM_AT = .

.data           0x20000000       0x64 load address 0x00002efc
                0x20000000                . = ALIGN (0x4)
                0x20000000                _sdata = .
 *(.data)
 *(.data*)
 .data.impure_data
                0x20000000       0x60 c:/freescale/kds_v3/toolchain/bin/../lib/gcc/arm-none-eabi/4.8.4/../../../../arm-none-eabi/lib/armv7e-m/fpu\libg_s.a(lib_a-impure.o)
 .data._impure_ptr
                0x20000060        0x4 c:/freescale/kds_v3/toolchain/bin/../lib/gcc/arm-none-eabi/4.8.4/../../../../arm-none-eabi/lib/armv7e-m/fpu\libg_s.a(lib_a-impure.o)
                0x20000060                _impure_ptr
                0x20000064                . = ALIGN (0x4)
                0x20000064                _edata = .
                0x00000064                ___data_size = (_edata - _sdata)
                0x00002f60                ___m_data_1FFF0000_ROMStart = (___ROM_AT + SIZEOF (.data))

.jcr            0x20000064        0x0 load address 0x00002f60
 .jcr           0x20000064        0x0 c:/freescale/kds_v3/toolchain/bin/../lib/gcc/arm-none-eabi/4.8.4/armv7e-m/fpu/crtbegin.o

.igot.plt       0x20000064        0x0 load address 0x00002f60
 .igot.plt      0x00000000        0x0 c:/freescale/kds_v3/toolchain/bin/../lib/gcc/arm-none-eabi/4.8.4/armv7e-m/fpu/crtbegin.o

.m_data_1FFF0000
                0x1fff0000        0x0 load address 0x00002f60
                0x1fff0000                . = ALIGN (0x4)
                0x1fff0000                ___m_data_1FFF0000_RAMStart = .
 *(.m_data_1FFF0000)
                0x1fff0000                ___m_data_1FFF0000_RAMEnd = .
                0x1fff0000                . = ALIGN (0x4)
                0x00000000                ___m_data_1FFF0000_ROMSize = (___m_data_1FFF0000_RAMEnd - ___m_data_1FFF0000_RAMStart)
                0x1fff0000                . = ALIGN (0x4)

.bss            0x20000064       0x7c load address 0x00002f60
                0x20000064                __START_BSS = .
                0x20000064                PROVIDE (__bss_start__, __START_BSS)
 *(.bss)
 .bss           0x20000064       0x1c c:/freescale/kds_v3/toolchain/bin/../lib/gcc/arm-none-eabi/4.8.4/armv7e-m/fpu/crtbegin.o
 *(.bss*)
 .bss.ClockConfigurationID
                0x20000080        0x1 ./Static_Code/System/CPU_Init.o
                0x20000080                ClockConfigurationID
 *fill*         0x20000081        0x3 
 .bss.DeviceDataPrv__DEFAULT_RTOS_ALLOC
                0x20000084       0x18 ./Generated_Code/CI2C1.o
 .bss.INT_I2C0__DEFAULT_RTOS_ISRPARAM
                0x2000009c        0x4 ./Generated_Code/CI2C1.o
 .bss.GI2C1_deviceData
                0x200000a0        0x8 ./Generated_Code/GI2C1.o
 .bss.DeviceDataPrv__DEFAULT_RTOS_ALLOC
                0x200000a8       0x18 ./Generated_Code/IO1.o
 .bss.PE_LDD_DeviceDataList
                0x200000c0        0xc ./Generated_Code/PE_LDD.o
                0x200000c0                PE_LDD_DeviceDataList
 .bss.INT_SPI0__DEFAULT_RTOS_ISRPARAM
                0x200000cc        0x4 ./Generated_Code/SM1.o
 .bss.__malloc_sbrk_start
                0x200000d0        0x4 c:/freescale/kds_v3/toolchain/bin/../lib/gcc/arm-none-eabi/4.8.4/../../../../arm-none-eabi/lib/armv7e-m/fpu\libg_s.a(lib_a-nano-mallocr.o)
                0x200000d0                __malloc_sbrk_start
 .bss.__malloc_free_list
                0x200000d4        0x4 c:/freescale/kds_v3/toolchain/bin/../lib/gcc/arm-none-eabi/4.8.4/../../../../arm-none-eabi/lib/armv7e-m/fpu\libg_s.a(lib_a-nano-mallocr.o)
                0x200000d4                __malloc_free_list
 .bss.heap_end.4246
                0x200000d8        0x4 c:/freescale/kds_v3/toolchain/bin/../lib/gcc/arm-none-eabi/4.8.4/../../../../arm-none-eabi/lib/armv7e-m/fpu\libnosys.a(sbrk.o)
 *(COMMON)
 COMMON         0x200000dc        0x4 c:/freescale/kds_v3/toolchain/bin/../lib/gcc/arm-none-eabi/4.8.4/../../../../arm-none-eabi/lib/armv7e-m/fpu\libg_s.a(lib_a-reent.o)
                0x200000dc                errno
                0x200000e0                . = ALIGN (0x4)
                0x200000e0                __END_BSS = .
                0x200000e0                PROVIDE (__bss_end__, __END_BSS)
                0x00002f60                _romp_at = ((___ROM_AT + SIZEOF (.data)) + SIZEOF (.m_data_1FFF0000))

.romp           0x200000e0       0x24 load address 0x00002f60
                0x00002f60                __S_romp = _romp_at
                0x200000e0        0x4 LONG 0x2efc ___ROM_AT
                0x200000e4        0x4 LONG 0x20000000 _sdata
                0x200000e8        0x4 LONG 0x64 ___data_size
                0x200000ec        0x4 LONG 0x2f60 ___m_data_1FFF0000_ROMStart
                0x200000f0        0x4 LONG 0x1fff0000 ___m_data_1FFF0000_RAMStart
                0x200000f4        0x4 LONG 0x0 ___m_data_1FFF0000_ROMSize
                0x200000f8        0x4 LONG 0x0
                0x200000fc        0x4 LONG 0x0
                0x20000100        0x4 LONG 0x0
                0x00100000                text_end = (ORIGIN (m_text) + 0xffbf0)
                0x00002f84                data_init_end = ((___m_data_1FFF0000_ROMStart + SIZEOF (.m_data_1FFF0000)) + SIZEOF (.romp))
                0x00000001                ASSERT ((data_init_end <= text_end), region m_text overflowed with text and data)

._user_heap_stack
                0x20000104      0x400 load address 0x00002f84
                0x20000104                . = ALIGN (0x4)
                0x20000104                PROVIDE (end, .)
                0x20000104                PROVIDE (_end, .)
                0x20000104                PROVIDE (__end__, .)
                0x20000104                __heap_addr = .
                0x20000104                __HeapBase = .
                0x20000104                . = (. + __heap_size)
                0x20000104                __HeapLimit = .
                0x20000504                . = (. + __stack_size)
 *fill*         0x20000104      0x400 
                0x20000504                . = ALIGN (0x4)

.ARM.attributes
                0x00000000       0x30
 *(.ARM.attributes)
 .ARM.attributes
                0x00000000       0x22 c:/freescale/kds_v3/toolchain/bin/../lib/gcc/arm-none-eabi/4.8.4/armv7e-m/fpu/crti.o
 .ARM.attributes
                0x00000022       0x34 c:/freescale/kds_v3/toolchain/bin/../lib/gcc/arm-none-eabi/4.8.4/armv7e-m/fpu/crtbegin.o
 .ARM.attributes
                0x00000056       0x20 c:/freescale/kds_v3/toolchain/bin/../lib/gcc/arm-none-eabi/4.8.4/../../../../arm-none-eabi/lib/armv7e-m/fpu/crt0.o
 .ARM.attributes
                0x00000076       0x39 ./Static_Code/System/CPU_Init.o
 .ARM.attributes
                0x000000af       0x39 ./Static_Code/System/Vectors.o
 .ARM.attributes
                0x000000e8       0x39 ./Sources/Events.o
 .ARM.attributes
                0x00000121       0x39 ./Sources/main.o
 .ARM.attributes
                0x0000015a       0x39 ./Project_Settings/Startup_Code/startup.o
 .ARM.attributes
                0x00000193       0x39 ./Generated_Code/CI2C1.o
 .ARM.attributes
                0x000001cc       0x39 ./Generated_Code/Cpu.o
 .ARM.attributes
                0x00000205       0x39 ./Generated_Code/CsIO1.o
 .ARM.attributes
                0x0000023e       0x39 ./Generated_Code/GI2C1.o
 .ARM.attributes
                0x00000277       0x39 ./Generated_Code/IO1.o
 .ARM.attributes
                0x000002b0       0x39 ./Generated_Code/MCUC1.o
 .ARM.attributes
                0x000002e9       0x39 ./Generated_Code/PE_LDD.o
 .ARM.attributes
                0x00000322       0x39 ./Generated_Code/SM1.o
 .ARM.attributes
                0x0000035b       0x39 ./Generated_Code/WAIT1.o
 .ARM.attributes
                0x00000394       0x34 c:/freescale/kds_v3/toolchain/bin/../lib/gcc/arm-none-eabi/4.8.4/../../../../arm-none-eabi/lib/armv7e-m/fpu\libg_s.a(lib_a-exit.o)
 .ARM.attributes
                0x000003c8       0x34 c:/freescale/kds_v3/toolchain/bin/../lib/gcc/arm-none-eabi/4.8.4/../../../../arm-none-eabi/lib/armv7e-m/fpu\libg_s.a(lib_a-impure.o)
 .ARM.attributes
                0x000003fc       0x34 c:/freescale/kds_v3/toolchain/bin/../lib/gcc/arm-none-eabi/4.8.4/../../../../arm-none-eabi/lib/armv7e-m/fpu\libg_s.a(lib_a-init.o)
 .ARM.attributes
                0x00000430       0x34 c:/freescale/kds_v3/toolchain/bin/../lib/gcc/arm-none-eabi/4.8.4/../../../../arm-none-eabi/lib/armv7e-m/fpu\libg_s.a(lib_a-memset.o)
 .ARM.attributes
                0x00000464       0x34 c:/freescale/kds_v3/toolchain/bin/../lib/gcc/arm-none-eabi/4.8.4/../../../../arm-none-eabi/lib/armv7e-m/fpu\libg_s.a(lib_a-printf.o)
 .ARM.attributes
                0x00000498       0x34 c:/freescale/kds_v3/toolchain/bin/../lib/gcc/arm-none-eabi/4.8.4/../../../../arm-none-eabi/lib/armv7e-m/fpu\libg_s.a(lib_a-putchar.o)
 .ARM.attributes
                0x000004cc       0x34 c:/freescale/kds_v3/toolchain/bin/../lib/gcc/arm-none-eabi/4.8.4/../../../../arm-none-eabi/lib/armv7e-m/fpu\libg_s.a(lib_a-vfprintf.o)
 .ARM.attributes
                0x00000500       0x34 c:/freescale/kds_v3/toolchain/bin/../lib/gcc/arm-none-eabi/4.8.4/../../../../arm-none-eabi/lib/armv7e-m/fpu\libg_s.a(lib_a-vfprintf_i.o)
 .ARM.attributes
                0x00000534       0x34 c:/freescale/kds_v3/toolchain/bin/../lib/gcc/arm-none-eabi/4.8.4/../../../../arm-none-eabi/lib/armv7e-m/fpu\libg_s.a(lib_a-wbuf.o)
 .ARM.attributes
                0x00000568       0x34 c:/freescale/kds_v3/toolchain/bin/../lib/gcc/arm-none-eabi/4.8.4/../../../../arm-none-eabi/lib/armv7e-m/fpu\libg_s.a(lib_a-wsetup.o)
 .ARM.attributes
                0x0000059c       0x34 c:/freescale/kds_v3/toolchain/bin/../lib/gcc/arm-none-eabi/4.8.4/../../../../arm-none-eabi/lib/armv7e-m/fpu\libg_s.a(lib_a-fflush.o)
 .ARM.attributes
                0x000005d0       0x34 c:/freescale/kds_v3/toolchain/bin/../lib/gcc/arm-none-eabi/4.8.4/../../../../arm-none-eabi/lib/armv7e-m/fpu\libg_s.a(lib_a-findfp.o)
 .ARM.attributes
                0x00000604       0x34 c:/freescale/kds_v3/toolchain/bin/../lib/gcc/arm-none-eabi/4.8.4/../../../../arm-none-eabi/lib/armv7e-m/fpu\libg_s.a(lib_a-makebuf.o)
 .ARM.attributes
                0x00000638       0x34 c:/freescale/kds_v3/toolchain/bin/../lib/gcc/arm-none-eabi/4.8.4/../../../../arm-none-eabi/lib/armv7e-m/fpu\libg_s.a(lib_a-memchr-stub.o)
 .ARM.attributes
                0x0000066c       0x34 c:/freescale/kds_v3/toolchain/bin/../lib/gcc/arm-none-eabi/4.8.4/../../../../arm-none-eabi/lib/armv7e-m/fpu\libg_s.a(lib_a-nano-freer.o)
 .ARM.attributes
                0x000006a0       0x34 c:/freescale/kds_v3/toolchain/bin/../lib/gcc/arm-none-eabi/4.8.4/../../../../arm-none-eabi/lib/armv7e-m/fpu\libg_s.a(lib_a-nano-mallocr.o)
 .ARM.attributes
                0x000006d4       0x34 c:/freescale/kds_v3/toolchain/bin/../lib/gcc/arm-none-eabi/4.8.4/../../../../arm-none-eabi/lib/armv7e-m/fpu\libg_s.a(lib_a-putc.o)
 .ARM.attributes
                0x00000708       0x34 c:/freescale/kds_v3/toolchain/bin/../lib/gcc/arm-none-eabi/4.8.4/../../../../arm-none-eabi/lib/armv7e-m/fpu\libg_s.a(lib_a-sbrkr.o)
 .ARM.attributes
                0x0000073c       0x34 c:/freescale/kds_v3/toolchain/bin/../lib/gcc/arm-none-eabi/4.8.4/../../../../arm-none-eabi/lib/armv7e-m/fpu\libg_s.a(lib_a-stdio.o)
 .ARM.attributes
                0x00000770       0x34 c:/freescale/kds_v3/toolchain/bin/../lib/gcc/arm-none-eabi/4.8.4/../../../../arm-none-eabi/lib/armv7e-m/fpu\libg_s.a(lib_a-strlen.o)
 .ARM.attributes
                0x000007a4       0x34 c:/freescale/kds_v3/toolchain/bin/../lib/gcc/arm-none-eabi/4.8.4/../../../../arm-none-eabi/lib/armv7e-m/fpu\libg_s.a(lib_a-writer.o)
 .ARM.attributes
                0x000007d8       0x34 c:/freescale/kds_v3/toolchain/bin/../lib/gcc/arm-none-eabi/4.8.4/../../../../arm-none-eabi/lib/armv7e-m/fpu\libg_s.a(lib_a-closer.o)
 .ARM.attributes
                0x0000080c       0x34 c:/freescale/kds_v3/toolchain/bin/../lib/gcc/arm-none-eabi/4.8.4/../../../../arm-none-eabi/lib/armv7e-m/fpu\libg_s.a(lib_a-fstatr.o)
 .ARM.attributes
                0x00000840       0x34 c:/freescale/kds_v3/toolchain/bin/../lib/gcc/arm-none-eabi/4.8.4/../../../../arm-none-eabi/lib/armv7e-m/fpu\libg_s.a(lib_a-isattyr.o)
 .ARM.attributes
                0x00000874       0x34 c:/freescale/kds_v3/toolchain/bin/../lib/gcc/arm-none-eabi/4.8.4/../../../../arm-none-eabi/lib/armv7e-m/fpu\libg_s.a(lib_a-lseekr.o)
 .ARM.attributes
                0x000008a8       0x34 c:/freescale/kds_v3/toolchain/bin/../lib/gcc/arm-none-eabi/4.8.4/../../../../arm-none-eabi/lib/armv7e-m/fpu\libg_s.a(lib_a-readr.o)
 .ARM.attributes
                0x000008dc       0x34 c:/freescale/kds_v3/toolchain/bin/../lib/gcc/arm-none-eabi/4.8.4/../../../../arm-none-eabi/lib/armv7e-m/fpu\libg_s.a(lib_a-reent.o)
 .ARM.attributes
                0x00000910       0x34 c:/freescale/kds_v3/toolchain/bin/../lib/gcc/arm-none-eabi/4.8.4/../../../../arm-none-eabi/lib/armv7e-m/fpu\libnosys.a(close.o)
 .ARM.attributes
                0x00000944       0x34 c:/freescale/kds_v3/toolchain/bin/../lib/gcc/arm-none-eabi/4.8.4/../../../../arm-none-eabi/lib/armv7e-m/fpu\libnosys.a(fstat.o)
 .ARM.attributes
                0x00000978       0x34 c:/freescale/kds_v3/toolchain/bin/../lib/gcc/arm-none-eabi/4.8.4/../../../../arm-none-eabi/lib/armv7e-m/fpu\libnosys.a(isatty.o)
 .ARM.attributes
                0x000009ac       0x34 c:/freescale/kds_v3/toolchain/bin/../lib/gcc/arm-none-eabi/4.8.4/../../../../arm-none-eabi/lib/armv7e-m/fpu\libnosys.a(lseek.o)
 .ARM.attributes
                0x000009e0       0x34 c:/freescale/kds_v3/toolchain/bin/../lib/gcc/arm-none-eabi/4.8.4/../../../../arm-none-eabi/lib/armv7e-m/fpu\libnosys.a(sbrk.o)
 .ARM.attributes
                0x00000a14       0x34 c:/freescale/kds_v3/toolchain/bin/../lib/gcc/arm-none-eabi/4.8.4/../../../../arm-none-eabi/lib/armv7e-m/fpu\libnosys.a(_exit.o)
 .ARM.attributes
                0x00000a48       0x22 c:/freescale/kds_v3/toolchain/bin/../lib/gcc/arm-none-eabi/4.8.4/armv7e-m/fpu/crtn.o
OUTPUT(Lab_6.elf elf32-littlearm)

.debug_info     0x00000000     0x4d04
 .debug_info    0x00000000      0xbdb ./Static_Code/System/CPU_Init.o
 .debug_info    0x00000bdb      0x826 ./Static_Code/System/Vectors.o
 .debug_info    0x00001401       0xe7 ./Sources/Events.o
 .debug_info    0x000014e8      0x891 ./Sources/main.o
 .debug_info    0x00001d79      0x3b0 ./Project_Settings/Startup_Code/startup.o
 .debug_info    0x00002129      0x93d ./Generated_Code/CI2C1.o
 .debug_info    0x00002a66      0x36e ./Generated_Code/Cpu.o
 .debug_info    0x00002dd4      0x329 ./Generated_Code/CsIO1.o
 .debug_info    0x000030fd      0x75d ./Generated_Code/GI2C1.o
 .debug_info    0x0000385a      0x753 ./Generated_Code/IO1.o
 .debug_info    0x00003fad       0xa7 ./Generated_Code/MCUC1.o
 .debug_info    0x00004054      0x251 ./Generated_Code/PE_LDD.o
 .debug_info    0x000042a5      0x8ec ./Generated_Code/SM1.o
 .debug_info    0x00004b91      0x173 ./Generated_Code/WAIT1.o

.debug_abbrev   0x00000000     0x11f2
 .debug_abbrev  0x00000000      0x1e8 ./Static_Code/System/CPU_Init.o
 .debug_abbrev  0x000001e8       0xd8 ./Static_Code/System/Vectors.o
 .debug_abbrev  0x000002c0       0x9a ./Sources/Events.o
 .debug_abbrev  0x0000035a      0x152 ./Sources/main.o
 .debug_abbrev  0x000004ac      0x189 ./Project_Settings/Startup_Code/startup.o
 .debug_abbrev  0x00000635      0x1f3 ./Generated_Code/CI2C1.o
 .debug_abbrev  0x00000828       0xed ./Generated_Code/Cpu.o
 .debug_abbrev  0x00000915      0x121 ./Generated_Code/CsIO1.o
 .debug_abbrev  0x00000a36      0x1eb ./Generated_Code/GI2C1.o
 .debug_abbrev  0x00000c21      0x1bf ./Generated_Code/IO1.o
 .debug_abbrev  0x00000de0       0x45 ./Generated_Code/MCUC1.o
 .debug_abbrev  0x00000e25      0x127 ./Generated_Code/PE_LDD.o
 .debug_abbrev  0x00000f4c      0x1db ./Generated_Code/SM1.o
 .debug_abbrev  0x00001127       0xcb ./Generated_Code/WAIT1.o

.debug_aranges  0x00000000      0x6f0
 .debug_aranges
                0x00000000       0x50 ./Static_Code/System/CPU_Init.o
 .debug_aranges
                0x00000050      0x340 ./Static_Code/System/Vectors.o
 .debug_aranges
                0x00000390       0x30 ./Sources/Events.o
 .debug_aranges
                0x000003c0       0x30 ./Sources/main.o
 .debug_aranges
                0x000003f0       0x50 ./Project_Settings/Startup_Code/startup.o
 .debug_aranges
                0x00000440       0x58 ./Generated_Code/CI2C1.o
 .debug_aranges
                0x00000498       0x30 ./Generated_Code/Cpu.o
 .debug_aranges
                0x000004c8       0x28 ./Generated_Code/CsIO1.o
 .debug_aranges
                0x000004f0       0xc8 ./Generated_Code/GI2C1.o
 .debug_aranges
                0x000005b8       0x48 ./Generated_Code/IO1.o
 .debug_aranges
                0x00000600       0x28 ./Generated_Code/MCUC1.o
 .debug_aranges
                0x00000628       0x30 ./Generated_Code/PE_LDD.o
 .debug_aranges
                0x00000658       0x48 ./Generated_Code/SM1.o
 .debug_aranges
                0x000006a0       0x50 ./Generated_Code/WAIT1.o

.debug_ranges   0x00000000      0x610
 .debug_ranges  0x00000000       0x40 ./Static_Code/System/CPU_Init.o
 .debug_ranges  0x00000040      0x330 ./Static_Code/System/Vectors.o
 .debug_ranges  0x00000370       0x20 ./Sources/Events.o
 .debug_ranges  0x00000390       0x20 ./Sources/main.o
 .debug_ranges  0x000003b0       0x40 ./Project_Settings/Startup_Code/startup.o
 .debug_ranges  0x000003f0       0x48 ./Generated_Code/CI2C1.o
 .debug_ranges  0x00000438       0x20 ./Generated_Code/Cpu.o
 .debug_ranges  0x00000458       0x18 ./Generated_Code/CsIO1.o
 .debug_ranges  0x00000470       0xb8 ./Generated_Code/GI2C1.o
 .debug_ranges  0x00000528       0x38 ./Generated_Code/IO1.o
 .debug_ranges  0x00000560       0x18 ./Generated_Code/MCUC1.o
 .debug_ranges  0x00000578       0x20 ./Generated_Code/PE_LDD.o
 .debug_ranges  0x00000598       0x38 ./Generated_Code/SM1.o
 .debug_ranges  0x000005d0       0x40 ./Generated_Code/WAIT1.o

.debug_macro    0x00000000    0x30c47
 .debug_macro   0x00000000      0x28a ./Static_Code/System/CPU_Init.o
 .debug_macro   0x0000028a      0x850 ./Static_Code/System/CPU_Init.o
 .debug_macro   0x00000ada       0x16 ./Static_Code/System/CPU_Init.o
 .debug_macro   0x00000af0       0x44 ./Static_Code/System/CPU_Init.o
 .debug_macro   0x00000b34      0x209 ./Static_Code/System/CPU_Init.o
 .debug_macro   0x00000d3d     0x1783 ./Static_Code/System/CPU_Init.o
 .debug_macro   0x000024c0    0x110ae ./Static_Code/System/CPU_Init.o
 .debug_macro   0x0001356e      0x56c ./Static_Code/System/CPU_Init.o
 .debug_macro   0x00013ada      0x14e ./Static_Code/System/CPU_Init.o
 .debug_macro   0x00013c28       0x6a ./Static_Code/System/CPU_Init.o
 .debug_macro   0x00013c92       0x58 ./Static_Code/System/CPU_Init.o
 .debug_macro   0x00013cea       0x35 ./Static_Code/System/CPU_Init.o
 .debug_macro   0x00013d1f       0xa3 ./Static_Code/System/CPU_Init.o
 .debug_macro   0x00013dc2       0x16 ./Static_Code/System/CPU_Init.o
 .debug_macro   0x00013dd8       0x10 ./Static_Code/System/CPU_Init.o
 .debug_macro   0x00013de8       0xc8 ./Static_Code/System/CPU_Init.o
 .debug_macro   0x00013eb0       0x1c ./Static_Code/System/CPU_Init.o
 .debug_macro   0x00013ecc       0x40 ./Static_Code/System/CPU_Init.o
 .debug_macro   0x00013f0c       0x43 ./Static_Code/System/CPU_Init.o
 .debug_macro   0x00013f4f       0x16 ./Static_Code/System/CPU_Init.o
 .debug_macro   0x00013f65       0x37 ./Static_Code/System/CPU_Init.o
 .debug_macro   0x00013f9c       0xbb ./Static_Code/System/CPU_Init.o
 .debug_macro   0x00014057       0x1c ./Static_Code/System/CPU_Init.o
 .debug_macro   0x00014073       0x97 ./Static_Code/System/CPU_Init.o
 .debug_macro   0x0001410a       0x10 ./Static_Code/System/CPU_Init.o
 .debug_macro   0x0001411a       0xef ./Static_Code/System/CPU_Init.o
 .debug_macro   0x00014209       0x52 ./Static_Code/System/CPU_Init.o
 .debug_macro   0x0001425b       0x16 ./Static_Code/System/CPU_Init.o
 .debug_macro   0x00014271       0x43 ./Static_Code/System/CPU_Init.o
 .debug_macro   0x000142b4      0x180 ./Static_Code/System/CPU_Init.o
 .debug_macro   0x00014434       0x10 ./Static_Code/System/CPU_Init.o
 .debug_macro   0x00014444       0x22 ./Static_Code/System/CPU_Init.o
 .debug_macro   0x00014466       0xbd ./Static_Code/System/CPU_Init.o
 .debug_macro   0x00014523       0x16 ./Static_Code/System/CPU_Init.o
 .debug_macro   0x00014539      0x14a ./Static_Code/System/CPU_Init.o
 .debug_macro   0x00014683       0x40 ./Static_Code/System/CPU_Init.o
 .debug_macro   0x000146c3       0x94 ./Static_Code/System/CPU_Init.o
 .debug_macro   0x00014757      0x642 ./Static_Code/System/CPU_Init.o
 .debug_macro   0x00014d99       0x3c ./Static_Code/System/CPU_Init.o
 .debug_macro   0x00014dd5      0x29a ./Static_Code/System/CPU_Init.o
 .debug_macro   0x0001506f      0x278 ./Static_Code/System/Vectors.o
 .debug_macro   0x000152e7      0x3bc ./Sources/Events.o
 .debug_macro   0x000156a3      0x61c ./Sources/Events.o
 .debug_macro   0x00015cbf      0x625 ./Sources/Events.o
 .debug_macro   0x000162e4      0x328 ./Sources/Events.o
 .debug_macro   0x0001660c      0x1e9 ./Sources/Events.o
 .debug_macro   0x000167f5      0x109 ./Sources/Events.o
 .debug_macro   0x000168fe      0x17f ./Sources/Events.o
 .debug_macro   0x00016a7d      0x202 ./Sources/Events.o
 .debug_macro   0x00016c7f      0x91e ./Sources/Events.o
 .debug_macro   0x0001759d      0x585 ./Sources/Events.o
 .debug_macro   0x00017b22       0x9e ./Sources/Events.o
 .debug_macro   0x00017bc0      0x1f9 ./Sources/Events.o
 .debug_macro   0x00017db9      0x50f ./Sources/Events.o
 .debug_macro   0x000182c8      0x6a6 ./Sources/Events.o
 .debug_macro   0x0001896e      0x132 ./Sources/Events.o
 .debug_macro   0x00018aa0      0x29c ./Sources/Events.o
 .debug_macro   0x00018d3c      0x264 ./Sources/Events.o
 .debug_macro   0x00018fa0      0x25b ./Sources/Events.o
 .debug_macro   0x000191fb      0x4f1 ./Sources/Events.o
 .debug_macro   0x000196ec      0x13f ./Sources/Events.o
 .debug_macro   0x0001982b       0x6c ./Sources/Events.o
 .debug_macro   0x00019897      0x30d ./Sources/Events.o
 .debug_macro   0x00019ba4       0xbb ./Sources/Events.o
 .debug_macro   0x00019c5f       0xe9 ./Sources/Events.o
 .debug_macro   0x00019d48      0x4ea ./Sources/Events.o
 .debug_macro   0x0001a232      0x18f ./Sources/Events.o
 .debug_macro   0x0001a3c1       0xea ./Sources/Events.o
 .debug_macro   0x0001a4ab      0x344 ./Sources/Events.o
 .debug_macro   0x0001a7ef      0x824 ./Sources/Events.o
 .debug_macro   0x0001b013      0x179 ./Sources/Events.o
 .debug_macro   0x0001b18c      0x644 ./Sources/Events.o
 .debug_macro   0x0001b7d0      0xa28 ./Sources/Events.o
 .debug_macro   0x0001c1f8      0x124 ./Sources/Events.o
 .debug_macro   0x0001c31c       0x81 ./Sources/Events.o
 .debug_macro   0x0001c39d      0x7bf ./Sources/Events.o
 .debug_macro   0x0001cb5c      0x10f ./Sources/Events.o
 .debug_macro   0x0001cc6b      0x66f ./Sources/Events.o
 .debug_macro   0x0001d2da       0x7b ./Sources/Events.o
 .debug_macro   0x0001d355      0x182 ./Sources/Events.o
 .debug_macro   0x0001d4d7      0x3c0 ./Sources/main.o
 .debug_macro   0x0001d897      0x121 ./Project_Settings/Startup_Code/startup.o
 .debug_macro   0x0001d9b8      0x166 ./Project_Settings/Startup_Code/startup.o
 .debug_macro   0x0001db1e       0x4a ./Project_Settings/Startup_Code/startup.o
 .debug_macro   0x0001db68      0x2a6 ./Project_Settings/Startup_Code/startup.o
 .debug_macro   0x0001de0e       0x10 ./Project_Settings/Startup_Code/startup.o
 .debug_macro   0x0001de1e       0x35 ./Project_Settings/Startup_Code/startup.o
 .debug_macro   0x0001de53       0x16 ./Project_Settings/Startup_Code/startup.o
 .debug_macro   0x0001de69       0x22 ./Project_Settings/Startup_Code/startup.o
 .debug_macro   0x0001de8b       0x10 ./Project_Settings/Startup_Code/startup.o
 .debug_macro   0x0001de9b      0x20f ./Project_Settings/Startup_Code/startup.o
 .debug_macro   0x0001e0aa    0x110a2 ./Project_Settings/Startup_Code/startup.o
 .debug_macro   0x0002f14c      0x162 ./Generated_Code/CI2C1.o
 .debug_macro   0x0002f2ae      0x4e4 ./Generated_Code/CI2C1.o
 .debug_macro   0x0002f792      0x26d ./Generated_Code/Cpu.o
 .debug_macro   0x0002f9ff      0x143 ./Generated_Code/CsIO1.o
 .debug_macro   0x0002fb42       0x16 ./Generated_Code/CsIO1.o
 .debug_macro   0x0002fb58       0x52 ./Generated_Code/CsIO1.o
 .debug_macro   0x0002fbaa      0x7b9 ./Generated_Code/CsIO1.o
 .debug_macro   0x00030363      0x125 ./Generated_Code/GI2C1.o
 .debug_macro   0x00030488      0x108 ./Generated_Code/IO1.o
 .debug_macro   0x00030590       0x3a ./Generated_Code/IO1.o
 .debug_macro   0x000305ca       0xe5 ./Generated_Code/MCUC1.o
 .debug_macro   0x000306af      0x234 ./Generated_Code/PE_LDD.o
 .debug_macro   0x000308e3      0x267 ./Generated_Code/SM1.o
 .debug_macro   0x00030b4a       0xfd ./Generated_Code/WAIT1.o

.debug_line     0x00000000     0x4b06
 .debug_line    0x00000000      0x634 ./Static_Code/System/CPU_Init.o
 .debug_line    0x00000634      0xb81 ./Static_Code/System/Vectors.o
 .debug_line    0x000011b5      0x663 ./Sources/Events.o
 .debug_line    0x00001818      0x85a ./Sources/main.o
 .debug_line    0x00002072      0x3b9 ./Project_Settings/Startup_Code/startup.o
 .debug_line    0x0000242b      0x4f5 ./Generated_Code/CI2C1.o
 .debug_line    0x00002920      0x50c ./Generated_Code/Cpu.o
 .debug_line    0x00002e2c      0x317 ./Generated_Code/CsIO1.o
 .debug_line    0x00003143      0x553 ./Generated_Code/GI2C1.o
 .debug_line    0x00003696      0x3d3 ./Generated_Code/IO1.o
 .debug_line    0x00003a69      0x2fd ./Generated_Code/MCUC1.o
 .debug_line    0x00003d66      0x4a0 ./Generated_Code/PE_LDD.o
 .debug_line    0x00004206      0x566 ./Generated_Code/SM1.o
 .debug_line    0x0000476c      0x39a ./Generated_Code/WAIT1.o

.debug_str      0x00000000    0xeccf2
 .debug_str     0x00000000    0x73f5e ./Static_Code/System/CPU_Init.o
                              0x74177 (size before relaxing)
 .debug_str     0x00073f5e      0x98a ./Static_Code/System/Vectors.o
                              0x7451a (size before relaxing)
 .debug_str     0x000748e8    0x7639e ./Sources/Events.o
                              0xe8ed1 (size before relaxing)
 .debug_str     0x000eac86      0x246 ./Sources/main.o
                              0xe91dc (size before relaxing)
 .debug_str     0x000eaecc     0x1094 ./Project_Settings/Startup_Code/startup.o
                              0x63697 (size before relaxing)
 .debug_str     0x000ebf60      0x39d ./Generated_Code/CI2C1.o
                              0x71bfa (size before relaxing)
 .debug_str     0x000ec2fd       0x34 ./Generated_Code/Cpu.o
                              0x72cb3 (size before relaxing)
 .debug_str     0x000ec331      0x1a0 ./Generated_Code/CsIO1.o
                              0x6a88b (size before relaxing)
 .debug_str     0x000ec4d1      0x2ee ./Generated_Code/GI2C1.o
                              0x6b33c (size before relaxing)
 .debug_str     0x000ec7bf       0xf3 ./Generated_Code/IO1.o
                              0x794ba (size before relaxing)
 .debug_str     0x000ec8b2       0x32 ./Generated_Code/MCUC1.o
                              0x6a83c (size before relaxing)
 .debug_str     0x000ec8e4      0x166 ./Generated_Code/PE_LDD.o
                              0x72d12 (size before relaxing)
 .debug_str     0x000eca4a      0x20c ./Generated_Code/SM1.o
                              0x73049 (size before relaxing)
 .debug_str     0x000ecc56       0x9c ./Generated_Code/WAIT1.o
                              0x6ad06 (size before relaxing)

.comment        0x00000000       0x70
 .comment       0x00000000       0x70 ./Static_Code/System/CPU_Init.o
                                 0x71 (size before relaxing)
 .comment       0x00000000       0x71 ./Static_Code/System/Vectors.o
 .comment       0x00000000       0x71 ./Sources/Events.o
 .comment       0x00000000       0x71 ./Sources/main.o
 .comment       0x00000000       0x71 ./Project_Settings/Startup_Code/startup.o
 .comment       0x00000000       0x71 ./Generated_Code/CI2C1.o
 .comment       0x00000000       0x71 ./Generated_Code/Cpu.o
 .comment       0x00000000       0x71 ./Generated_Code/CsIO1.o
 .comment       0x00000000       0x71 ./Generated_Code/GI2C1.o
 .comment       0x00000000       0x71 ./Generated_Code/IO1.o
 .comment       0x00000000       0x71 ./Generated_Code/MCUC1.o
 .comment       0x00000000       0x71 ./Generated_Code/PE_LDD.o
 .comment       0x00000000       0x71 ./Generated_Code/SM1.o
 .comment       0x00000000       0x71 ./Generated_Code/WAIT1.o

.debug_frame    0x00000000     0x1e38
 .debug_frame   0x00000000       0xd4 ./Static_Code/System/CPU_Init.o
 .debug_frame   0x000000d4      0xcb0 ./Static_Code/System/Vectors.o
 .debug_frame   0x00000d84       0x60 ./Sources/Events.o
 .debug_frame   0x00000de4       0x68 ./Sources/main.o
 .debug_frame   0x00000e4c       0xc0 ./Project_Settings/Startup_Code/startup.o
 .debug_frame   0x00000f0c      0x104 ./Generated_Code/CI2C1.o
 .debug_frame   0x00001010       0x68 ./Generated_Code/Cpu.o
 .debug_frame   0x00001078       0x48 ./Generated_Code/CsIO1.o
 .debug_frame   0x000010c0      0x2a4 ./Generated_Code/GI2C1.o
 .debug_frame   0x00001364       0xc8 ./Generated_Code/IO1.o
 .debug_frame   0x0000142c       0x40 ./Generated_Code/MCUC1.o
 .debug_frame   0x0000146c       0x68 ./Generated_Code/PE_LDD.o
 .debug_frame   0x000014d4       0xc8 ./Generated_Code/SM1.o
 .debug_frame   0x0000159c       0xc0 ./Generated_Code/WAIT1.o
 .debug_frame   0x0000165c       0x28 c:/freescale/kds_v3/toolchain/bin/../lib/gcc/arm-none-eabi/4.8.4/../../../../arm-none-eabi/lib/armv7e-m/fpu\libg_s.a(lib_a-exit.o)
 .debug_frame   0x00001684       0x2c c:/freescale/kds_v3/toolchain/bin/../lib/gcc/arm-none-eabi/4.8.4/../../../../arm-none-eabi/lib/armv7e-m/fpu\libg_s.a(lib_a-init.o)
 .debug_frame   0x000016b0       0x20 c:/freescale/kds_v3/toolchain/bin/../lib/gcc/arm-none-eabi/4.8.4/../../../../arm-none-eabi/lib/armv7e-m/fpu\libg_s.a(lib_a-memset.o)
 .debug_frame   0x000016d0       0x60 c:/freescale/kds_v3/toolchain/bin/../lib/gcc/arm-none-eabi/4.8.4/../../../../arm-none-eabi/lib/armv7e-m/fpu\libg_s.a(lib_a-printf.o)
 .debug_frame   0x00001730       0x48 c:/freescale/kds_v3/toolchain/bin/../lib/gcc/arm-none-eabi/4.8.4/../../../../arm-none-eabi/lib/armv7e-m/fpu\libg_s.a(lib_a-putchar.o)
 .debug_frame   0x00001778       0xa8 c:/freescale/kds_v3/toolchain/bin/../lib/gcc/arm-none-eabi/4.8.4/../../../../arm-none-eabi/lib/armv7e-m/fpu\libg_s.a(lib_a-vfprintf.o)
 .debug_frame   0x00001820       0x60 c:/freescale/kds_v3/toolchain/bin/../lib/gcc/arm-none-eabi/4.8.4/../../../../arm-none-eabi/lib/armv7e-m/fpu\libg_s.a(lib_a-vfprintf_i.o)
 .debug_frame   0x00001880       0x3c c:/freescale/kds_v3/toolchain/bin/../lib/gcc/arm-none-eabi/4.8.4/../../../../arm-none-eabi/lib/armv7e-m/fpu\libg_s.a(lib_a-wbuf.o)
 .debug_frame   0x000018bc       0x2c c:/freescale/kds_v3/toolchain/bin/../lib/gcc/arm-none-eabi/4.8.4/../../../../arm-none-eabi/lib/armv7e-m/fpu\libg_s.a(lib_a-wsetup.o)
 .debug_frame   0x000018e8       0x5c c:/freescale/kds_v3/toolchain/bin/../lib/gcc/arm-none-eabi/4.8.4/../../../../arm-none-eabi/lib/armv7e-m/fpu\libg_s.a(lib_a-fflush.o)
 .debug_frame   0x00001944      0x12c c:/freescale/kds_v3/toolchain/bin/../lib/gcc/arm-none-eabi/4.8.4/../../../../arm-none-eabi/lib/armv7e-m/fpu\libg_s.a(lib_a-findfp.o)
 .debug_frame   0x00001a70       0x30 c:/freescale/kds_v3/toolchain/bin/../lib/gcc/arm-none-eabi/4.8.4/../../../../arm-none-eabi/lib/armv7e-m/fpu\libg_s.a(lib_a-makebuf.o)
 .debug_frame   0x00001aa0       0x28 c:/freescale/kds_v3/toolchain/bin/../lib/gcc/arm-none-eabi/4.8.4/../../../../arm-none-eabi/lib/armv7e-m/fpu\libg_s.a(lib_a-memchr-stub.o)
 .debug_frame   0x00001ac8       0x2c c:/freescale/kds_v3/toolchain/bin/../lib/gcc/arm-none-eabi/4.8.4/../../../../arm-none-eabi/lib/armv7e-m/fpu\libg_s.a(lib_a-nano-freer.o)
 .debug_frame   0x00001af4       0x2c c:/freescale/kds_v3/toolchain/bin/../lib/gcc/arm-none-eabi/4.8.4/../../../../arm-none-eabi/lib/armv7e-m/fpu\libg_s.a(lib_a-nano-mallocr.o)
 .debug_frame   0x00001b20       0x3c c:/freescale/kds_v3/toolchain/bin/../lib/gcc/arm-none-eabi/4.8.4/../../../../arm-none-eabi/lib/armv7e-m/fpu\libg_s.a(lib_a-putc.o)
 .debug_frame   0x00001b5c       0x2c c:/freescale/kds_v3/toolchain/bin/../lib/gcc/arm-none-eabi/4.8.4/../../../../arm-none-eabi/lib/armv7e-m/fpu\libg_s.a(lib_a-sbrkr.o)
 .debug_frame   0x00001b88       0x80 c:/freescale/kds_v3/toolchain/bin/../lib/gcc/arm-none-eabi/4.8.4/../../../../arm-none-eabi/lib/armv7e-m/fpu\libg_s.a(lib_a-stdio.o)
 .debug_frame   0x00001c08       0x20 c:/freescale/kds_v3/toolchain/bin/../lib/gcc/arm-none-eabi/4.8.4/../../../../arm-none-eabi/lib/armv7e-m/fpu\libg_s.a(lib_a-strlen.o)
 .debug_frame   0x00001c28       0x2c c:/freescale/kds_v3/toolchain/bin/../lib/gcc/arm-none-eabi/4.8.4/../../../../arm-none-eabi/lib/armv7e-m/fpu\libg_s.a(lib_a-writer.o)
 .debug_frame   0x00001c54       0x2c c:/freescale/kds_v3/toolchain/bin/../lib/gcc/arm-none-eabi/4.8.4/../../../../arm-none-eabi/lib/armv7e-m/fpu\libg_s.a(lib_a-closer.o)
 .debug_frame   0x00001c80       0x2c c:/freescale/kds_v3/toolchain/bin/../lib/gcc/arm-none-eabi/4.8.4/../../../../arm-none-eabi/lib/armv7e-m/fpu\libg_s.a(lib_a-fstatr.o)
 .debug_frame   0x00001cac       0x2c c:/freescale/kds_v3/toolchain/bin/../lib/gcc/arm-none-eabi/4.8.4/../../../../arm-none-eabi/lib/armv7e-m/fpu\libg_s.a(lib_a-isattyr.o)
 .debug_frame   0x00001cd8       0x2c c:/freescale/kds_v3/toolchain/bin/../lib/gcc/arm-none-eabi/4.8.4/../../../../arm-none-eabi/lib/armv7e-m/fpu\libg_s.a(lib_a-lseekr.o)
 .debug_frame   0x00001d04       0x2c c:/freescale/kds_v3/toolchain/bin/../lib/gcc/arm-none-eabi/4.8.4/../../../../arm-none-eabi/lib/armv7e-m/fpu\libg_s.a(lib_a-readr.o)
 .debug_frame   0x00001d30       0x48 c:/freescale/kds_v3/toolchain/bin/../lib/gcc/arm-none-eabi/4.8.4/../../../../arm-none-eabi/lib/armv7e-m/fpu\libg_s.a(lib_a-reent.o)
 .debug_frame   0x00001d78       0x20 c:/freescale/kds_v3/toolchain/bin/../lib/gcc/arm-none-eabi/4.8.4/../../../../arm-none-eabi/lib/armv7e-m/fpu\libnosys.a(close.o)
 .debug_frame   0x00001d98       0x20 c:/freescale/kds_v3/toolchain/bin/../lib/gcc/arm-none-eabi/4.8.4/../../../../arm-none-eabi/lib/armv7e-m/fpu\libnosys.a(fstat.o)
 .debug_frame   0x00001db8       0x20 c:/freescale/kds_v3/toolchain/bin/../lib/gcc/arm-none-eabi/4.8.4/../../../../arm-none-eabi/lib/armv7e-m/fpu\libnosys.a(isatty.o)
 .debug_frame   0x00001dd8       0x20 c:/freescale/kds_v3/toolchain/bin/../lib/gcc/arm-none-eabi/4.8.4/../../../../arm-none-eabi/lib/armv7e-m/fpu\libnosys.a(lseek.o)
 .debug_frame   0x00001df8       0x20 c:/freescale/kds_v3/toolchain/bin/../lib/gcc/arm-none-eabi/4.8.4/../../../../arm-none-eabi/lib/armv7e-m/fpu\libnosys.a(sbrk.o)
 .debug_frame   0x00001e18       0x20 c:/freescale/kds_v3/toolchain/bin/../lib/gcc/arm-none-eabi/4.8.4/../../../../arm-none-eabi/lib/armv7e-m/fpu\libnosys.a(_exit.o)

.stab           0x00000000       0x6c
 .stab          0x00000000       0x24 c:/freescale/kds_v3/toolchain/bin/../lib/gcc/arm-none-eabi/4.8.4/../../../../arm-none-eabi/lib/armv7e-m/fpu\libnosys.a(close.o)
 .stab          0x00000024       0x18 c:/freescale/kds_v3/toolchain/bin/../lib/gcc/arm-none-eabi/4.8.4/../../../../arm-none-eabi/lib/armv7e-m/fpu\libnosys.a(fstat.o)
                                 0x24 (size before relaxing)
 .stab          0x0000003c       0x18 c:/freescale/kds_v3/toolchain/bin/../lib/gcc/arm-none-eabi/4.8.4/../../../../arm-none-eabi/lib/armv7e-m/fpu\libnosys.a(isatty.o)
                                 0x24 (size before relaxing)
 .stab          0x00000054       0x18 c:/freescale/kds_v3/toolchain/bin/../lib/gcc/arm-none-eabi/4.8.4/../../../../arm-none-eabi/lib/armv7e-m/fpu\libnosys.a(lseek.o)
                                 0x24 (size before relaxing)

.stabstr        0x00000000       0xe3
 .stabstr       0x00000000       0xe3 c:/freescale/kds_v3/toolchain/bin/../lib/gcc/arm-none-eabi/4.8.4/../../../../arm-none-eabi/lib/armv7e-m/fpu\libnosys.a(close.o)
